// Jest Snapshot v1, https://goo.gl/fbAQLP

exports[`Button Tests renders matching snapshot 1`] = `
<Button
  label="Click Me"
  role="button"
>
  <button
    className="select-none box-border font-redhatdisplay font-medium text-white rounded-m shadow-default py-quarter px-s1 border-px border-celticblue-500 bg-celticblue-500 hover:bg-celticblue-600 hover:border-celticblue-600 active:bg-celticblue-700 active:border-celticblue-700 hover:cursor-pointer focus:outline-focuswhite"
    role="button"
  >
    Click Me
  </button>
</Button>
`;
